[INFO] Scanning for projects...
[INFO] 
[INFO] ------------------< com.gasagency:gas-agency-system >-------------------
[INFO] Building Gas Agency Management System 1.0.0
[INFO]   from pom.xml
[INFO] --------------------------------[ jar ]---------------------------------
[INFO] 
[INFO] --- maven-resources-plugin:3.3.1:resources (default-resources) @ gas-agency-system ---
[INFO] Copying 3 resources from src\main\resources to target\classes
[INFO] Copying 5 resources from src\main\resources to target\classes
[INFO] 
[INFO] --- maven-compiler-plugin:3.11.0:compile (default-compile) @ gas-agency-system ---
[INFO] Nothing to compile - all classes are up to date
[INFO] ------------------------------------------------------------------------
[INFO] BUILD SUCCESS
[INFO] ------------------------------------------------------------------------
[INFO] Total time:  2.498 s
[INFO] Finished at: 2026-01-15T19:17:36+05:30
[INFO] ------------------------------------------------------------------------
